
> vite_react_shadcn_ts@0.0.0 build
> vite build

[36mvite v6.4.1 [32mbuilding for production...[36m[39m
transforming...
[32m✓[39m 2353 modules transformed.
rendering chunks...
computing gzip size...
[2mdist/[22m[32mindex.html                           [39m[1m[2m  5.98 kB[22m[1m[22m[2m │ gzip:   1.73 kB[22m
[2mdist/[22m[32massets/kv-logo-yT-q5qeX.png          [39m[1m[2m  7.29 kB[22m[1m[22m
[2mdist/[22m[32massets/robotic-arm-t7EkXM8n.jpg      [39m[1m[2m 27.15 kB[22m[1m[22m
[2mdist/[22m[32massets/dark-mode-robot-CXI_TU2C.jpg  [39m[1m[2m 44.25 kB[22m[1m[22m
[2mdist/[22m[32massets/iitg-logo-C6U40wvu.png        [39m[1m[2m 48.19 kB[22m[1m[22m
[2mdist/[22m[32massets/aps-logo-BhD7RDEN.png         [39m[1m[2m 88.71 kB[22m[1m[22m
[2mdist/[22m[32massets/payment-qr-B-rmI-FP.png       [39m[1m[2m295.28 kB[22m[1m[22m
[2mdist/[22m[32massets/logo-dark-B2QMc6q6.png        [39m[1m[2m351.27 kB[22m[1m[22m
[2mdist/[22m[35massets/index-B4ulxVAZ.css            [39m[1m[2m110.52 kB[22m[1m[22m[2m │ gzip:  18.04 kB[22m
[2mdist/[22m[36massets/index-C_Ys9Bs1.js             [39m[1m[33m905.20 kB[39m[22m[2m │ gzip: 274.93 kB[22m
[32m✓ built in 9.86s[39m
